/COM,ANSYS RELEASE 2024 R1           BUILD 24.1      UP20231106       02:09:24

 *** WARNING ***                         CP =       2.578   TIME= 02:09:25
 Element shape checking is currently inactive.  Issue SHPP,ON or         
 SHPP,WARN to reactivate, if desired.                                    

 *** WARNING ***                         CP =       4.203   TIME= 02:09:26
 Material property DENS of material 4 of element 592 is evaluated at a   
 temperature of 22, which is below the supplied temperature range.       
 Temperature range checking terminates.                                  

 *** WARNING ***                         CP =       8.953   TIME= 02:09:30
 Overconstraint may occur for Lagrange multiplier or MPC based contact   
 algorithm.                                                              

 *** WARNING ***                         CP =       8.953   TIME= 02:09:30
 Certain contact elements (for example 63274 & 60001) overlap with       
 other.                                                                  

 *** WARNING ***                         CP =       8.953   TIME= 02:09:30
 Certain contact pairs (for example 74 & 66) overlap with other.         

 *** WARNING ***                         CP =      15.047   TIME= 02:09:35
 Overconstraint may occur for Lagrange multiplier or MPC based contact   
 algorithm.                                                              

 *** WARNING ***                         CP =      15.047   TIME= 02:09:35
 Certain contact elements (for example 63274 & 60001) overlap with       
 other.                                                                  

 *** WARNING ***                         CP =      15.047   TIME= 02:09:35
 Certain contact pairs (for example 74 & 66) overlap with other.         

 *** WARNING ***                         CP =      22.234   TIME= 02:09:42
 Multiple constraints have been applied on degree of freedom 1 of        
 contact node 16878.  The program will remove certain internal MPCs.     
 Please check the model carefully.                                       

 *** WARNING ***                         CP =      22.234   TIME= 02:09:42
 Multiple constraints have been applied on degree of freedom 1 of        
 contact node 17085.  The program will remove certain internal MPCs.     
 Please check the model carefully.                                       

 *** WARNING ***                         CP =      22.609   TIME= 02:09:42
 Material property DENS of material 4 of element 9593 is evaluated at a  
 temperature of 22, which is below the supplied temperature range.       
 Temperature range checking terminates.                                  

 *** WARNING ***                         CP =      22.609   TIME= 02:09:42
 Material property DENS of material 4 of element 1735 is evaluated at a  
 temperature of 22, which is below the supplied temperature range.       
 Temperature range checking terminates.                                  

 *** WARNING ***                         CP =      24.531   TIME= 02:09:44
 Material property DENS of material 4 of element 14840 is evaluated at a 
 temperature of 22, which is below the supplied temperature range.       
 Temperature range checking terminates.                                  
